
> Task :compileJava FAILED
./gradlew : C:\Development\Own
er\dividend-goal\src\main\java
\org\example\dividendgoal\sche
duler\IndexingScheduler.java:5
6: error: cannot find symbol
위치 줄:1 문자:1
+ ./gradlew compileJava --cons
ole=plain > build_errors.txt 2
>&1
+ ~~~~~~~~~~~~~~~~~~~~~~~~~~~~
~~~~~~~~~~~~~~~~~~~~~~~~~~~~~~
~~~
    + CategoryInfo          : 
    NotSpecified: (C:\Develo  
  pment\...not find symbol:   
 String) [], RemoteExcepti    
on
    + FullyQualifiedErrorId : 
    NativeCommandError
 
        String baseUrl = AppCo
nstants.BASE_URL; // 실제 도메인으로 
변경 필수
                         ^
  symbol:   variable AppConsta
nts
  location: class IndexingSche
duler
1 error

FAILURE: Build failed with an 
exception.

* What went wrong:
Execution failed for task ':co
mpileJava'.
> Compilation failed; see the 
compiler error output for deta
ils.

* Try:
> Run with --info option to ge
t more log output.
> Run with --scan to get full 
insights.

BUILD FAILED in 2s
1 actionable task: 1 executed
